// Jest Snapshot v1, https://goo.gl/fbAQLP

exports[`App components snapshot renders correctly 1`] = `
<div
  className="bg-neutral-100 text-primary_dark text-center"
>
  <header
    className="py-20"
  >
    <img
      alt="logo"
      className="h-30 my-4 m-auto"
      src="diceboard.svg"
    />
    <p
      className="text-xl font-bold "
    >
      ----- Let's Play with Dice -----
    </p>
  </header>
  <div>
    <ul
      className=" bg-primary_dark text-white font-medium flex w-1/2 m-auto items-center rounded-full"
    >
      <li
        className="tab  bg-primary"
        onClick={[Function]}
      >
        SevRoll
      </li>
      <li
        className="tab false"
        onClick={[Function]}
      >
        Reach50
      </li>
    </ul>
    <div>
      <div
        className="game"
      >
        <img
          alt="sevroll-logo"
          className="h-20 my-10"
          src="sevroll.svg"
        />
        <div
          className="text-left bg-teal-50 p-6 rounded-lg m-4"
        >
          <p
            className="font-medium"
          >
            How to play?
          </p>
          <p>
            Roll the dice to score points and score a multiple of 7 to win.
          </p>
        </div>
        <p
          className="my-2 font-medium"
        >
          Your Score
        </p>
        <p
          className=" text-6xl text-secondary font-bold "
        >
          0
        </p>
        <button
          className="btn-primary"
          disabled={false}
          onClick={[Function]}
        >
          Roll the dice
        </button>
        <p>
          roll the dice to play
        </p>
        <div
          className="h-20"
        />
        <button
          className="btn-primary"
          disabled={true}
          onClick={[Function]}
        >
          Replay
        </button>
      </div>
    </div>
  </div>
  <p
    className="text-sm py-4 "
  >
    All rights reserved | Nitish Sharma
  </p>
</div>
`;
